foo_hook\(\) called
foo\(\) called
foo_hook\(\) called
foo\(\) called
